{
  "__class__": "WallpaperDatabaseDto",
  "id": "1",
  "title": "Ghost Waves",
  "views": 9284,
  "downloads": 31520,
  "slug": "default-slug",
  "created": "2024-01-01T00:00:00",
  "updated": "2024-01-01T01:00:00"
}