{
  "__class__": "Left",
  "value": {
    "__class__": "NetworkingError",
    "status": 0
  },
  "isLeft": true,
  "isRight": false
}