{
  "__class__": "Right",
  "value": {
    "__class__": "Unit"
  }
}