{
  "__class__": "Left",
  "value": {
    "__class__": "NotFound",
    "id": ""
  },
  "isLeft": true,
  "isRight": false
}