{
  "__class__": "Right",
  "value": {
    "__class__": "Unit"
  },
  "isLeft": false,
  "isRight": true
}