{
  "__class__": "Error",
  "error": {
    "__class__": "NetworkError",
    "status": 0
  }
}