{
  "__class__": "Content",
  "wallpaper": {
    "__class__": "Wallpaper",
    "metadata": {
      "__class__": "Metadata",
      "ID": "5",
      "Slug": "ghost_waves_001",
      "Views": 1,
      "Downloads": 588,
      "CreatedAt": "0001-01-01T00:00:00.000Z",
      "UpdatedAt": "0001-01-01T00:00:00.000Z"
    }
  }
}