{
  "__class__": "Left",
  "value": {
    "__class__": "PersistingError",
    "exception": {
      "__class__": "IllegalStateException",
      "detailMessage": "This was an error",
      "stackTrace": [],
      "suppressedExceptions": []
    }
  }
}