{
  "__class__": "Left",
  "value": {
    "__class__": "IllegalStateException",
    "detailMessage": "This was an error",
    "stackTrace": [],
    "suppressedExceptions": []
  },
  "isLeft": true,
  "isRight": false
}