{
  "__class__": "Right",
  "value": "content://images/1234",
  "isLeft": false,
  "isRight": true
}